// Jest Snapshot v1, https://goo.gl/fbAQLP

exports[`testing component MainLeft Should render the heading 1`] = `
<div
  class="styles__Container-hXcVkP hIkssT"
>
  <img
    alt="logo"
    class="styles__Logo-bRSJPP cBIDup"
    src="/img/logo.svg"
  />
  <div
    class="styles__Wrapper-gFJSv dAVBHL"
  >
    <h3>
      Sistema completo para sua pré e pós consulta:
    </h3>
    <ul>
      <li>
        <svg
          aria-hidden="true"
          class="StyledIconBase-ea9ulj-0 cKCFNq styles__Check-fLwBCG hQTzIs"
          fill="currentColor"
          focusable="false"
          viewBox="0 0 24 24"
          xmlns="http://www.w3.org/2000/svg"
        >
          <path
            d="M12 2C6.486 2 2 6.486 2 12s4.486 10 10 10 10-4.486 10-10S17.514 2 12 2zm0 18c-4.411 0-8-3.589-8-8s3.589-8 8-8 8 3.589 8 8-3.589 8-8 8z"
          />
          <path
            d="M9.999 13.587L7.7 11.292l-1.412 1.416 3.713 3.705 6.706-6.706-1.414-1.414z"
          />
        </svg>
        Agendamento de consulta
      </li>
      <li>
        <svg
          aria-hidden="true"
          class="StyledIconBase-ea9ulj-0 cKCFNq styles__Check-fLwBCG hQTzIs"
          fill="currentColor"
          focusable="false"
          viewBox="0 0 24 24"
          xmlns="http://www.w3.org/2000/svg"
        >
          <path
            d="M12 2C6.486 2 2 6.486 2 12s4.486 10 10 10 10-4.486 10-10S17.514 2 12 2zm0 18c-4.411 0-8-3.589-8-8s3.589-8 8-8 8 3.589 8 8-3.589 8-8 8z"
          />
          <path
            d="M9.999 13.587L7.7 11.292l-1.412 1.416 3.713 3.705 6.706-6.706-1.414-1.414z"
          />
        </svg>
        Recita médica, atestados e etc, todos digitais
      </li>
      <li>
        <svg
          aria-hidden="true"
          class="StyledIconBase-ea9ulj-0 cKCFNq styles__Check-fLwBCG hQTzIs"
          fill="currentColor"
          focusable="false"
          viewBox="0 0 24 24"
          xmlns="http://www.w3.org/2000/svg"
        >
          <path
            d="M12 2C6.486 2 2 6.486 2 12s4.486 10 10 10 10-4.486 10-10S17.514 2 12 2zm0 18c-4.411 0-8-3.589-8-8s3.589-8 8-8 8 3.589 8 8-3.589 8-8 8z"
          />
          <path
            d="M9.999 13.587L7.7 11.292l-1.412 1.416 3.713 3.705 6.706-6.706-1.414-1.414z"
          />
        </svg>
        Contato direto com o médico ate 3 dias após a consulta
      </li>
      <li>
        <svg
          aria-hidden="true"
          class="StyledIconBase-ea9ulj-0 cKCFNq styles__Check-fLwBCG hQTzIs"
          fill="currentColor"
          focusable="false"
          viewBox="0 0 24 24"
          xmlns="http://www.w3.org/2000/svg"
        >
          <path
            d="M12 2C6.486 2 2 6.486 2 12s4.486 10 10 10 10-4.486 10-10S17.514 2 12 2zm0 18c-4.411 0-8-3.589-8-8s3.589-8 8-8 8 3.589 8 8-3.589 8-8 8z"
          />
          <path
            d="M9.999 13.587L7.7 11.292l-1.412 1.416 3.713 3.705 6.706-6.706-1.414-1.414z"
          />
        </svg>
        Avaliação do paciente através de um simples formulário
      </li>
    </ul>
  </div>
  <div
    class="styles__WrapperImages-hWToWb hLCeSh"
  >
    <img
      alt="Imagem de uma médica com mascara e prancheta na mão"
      class="styles__ImageDoctorWoman-kCDKzg zCFIl"
      src="/img/doctor-woman.svg"
    />
    <img
      alt="Imagem de um médico com mascara e prancheta na mão"
      class="styles__ImageDoctorMan-dCBvwA ibcLwK"
      src="/img/doctor-man.svg"
    />
  </div>
</div>
`;
